// Vitest Snapshot v1, https://vitest.dev/guide/snapshot.html

exports[`snapshot with nothing in cart 1`] = `[Function]`;
